test-part4$ sleep 1 &
[1]
test-part4$ sleep 2
[1] Done: sleep 1
test-part4$ jobs
test-part4$ exit
