test-part4$ sleep 30 &
[1]
test-part4$ sleep 20 &
[2]
test-part4$ sleep 10 &
[3]
test-part4$ jobs
1: sleep 30 
2: sleep 20 
3: sleep 10 
test-part4$ exit
