test-part4$ sleep 30 &
[1]
test-part4$ sleep 20 &
[2]
test-part4$ sleep 10 &
[3]
test-part4$ kill 2
test-part4$ kill 5
wshell: no such background job: 5
test-part4$ jobs
1: sleep 30
3: sleep 10
test-part4$ exit
