Execution trace with FIFO:
t=0: [Job 0] arrived at [0], ran for: [3]
End of execution with FIFO.
