Execution trace with SJF:
t=0: [Job 0] arrived at [0], ran for: [5]
End of execution with SJF.
