test-part1$ laksdjflkasjdflkjsd
wshell: could not execute command: laksdjflkasjdflkjsd
test-part1$ exit
