test-part1$ cd tests
tests$ cd ..
test-part1$ exit
