test-part1$ cd lksdjflkdsjf
wshell: no such directory: lksdjflkdsjf
test-part1$ exit
