test-part1$ echo hey there
hey there
test-part1$ exit
