test-part3$ /usr/bin/true || echo test failed
test-part3$ exit
