test-part3$ /usr/bin/false || echo test passed 
test passed 
test-part3$ exit
