test-part2$ ls
test_part2.sh
tests
tests-out
wshell
test-part2$ exit
