test-part2$ /bin/ls
test_part2.sh
tests
tests-out
wshell
test-part2$ /bin/cat tests/4a.in
While safety is one of many Enrichment Center goals, the Aperture Science High
Energy Pellet, seen to the left of the chamber, can and has caused permanent
disabilities such as vaporization.
test-part2$ exit
