k FAGvKDQhYUxaRaYDOLGeCWnooCkAJuTaZxmlfcBZvOYEFMehuiFXmIHRGH
JIvdXVFMcszCMehLOwDpzIStEJlQpeTuYhHBrprSVxvHqutvvLAaOQXuZCGO
WgMeh hfxQpfMwddNhKTxEqlAqbNMybnByCAfdSZRgfQorTuUThqCxNfEjxM
PgMtjlSOjfqwaMehAMOpXxZNKfLMvIbBJrBARHlHJbPCILteTtiVneXaKvHI
xLRhignjFLTDqapWANAbAgdTgrrDSYVoJntRnCHaJzLCMehUouaSVoTHrVrY
aioOEInOJjEsxgJuNUPxDijSORWYiDUMuGHGamMehHqzgvmMGvcgEykRVLui
lnnTlfbdmNioE SfacyoXWWTVMehaZWrjEZzEyGAN rwqNYhqUgBaeUXlNTk
GjhyQhFLMVeYmsDpgjTzwyzZJzVPYIYEMxMPsjMehhJeZVmYacJURtjgAjnZ
sPuPazqVGZfStPcedyTvarJMSNaf QFkBFtozQoZCANPZAXVoMehgYsPKFWe
RyY VqJwERdJyfKrVbcizMehTeFPCTJoQNFDzRbNgDjuhzBsIluBLHOwJqYJ
UgOdKIJAAWMZjHrZCZdcyToTUUYMbZqjKnCsaUNjeXulJZEXuDTsvvvJMeha
gRAaFP kIEEWQgdVeljcvDNeuUpUZg rsQhMehNQGnaQsFZdefhkXtuhYytl
dUjhivXJcWjCvStsZTOAEQlapCHPjdoHiUTMehfIwveIdreGHxweTyaOonXR
VScaOKJEiS NzpdvusYuvmCLneqSDGrrMehATfqHwqCrac CAMXrRIprsQSl
gzhwoxsdztaQzceYaxqBXnGQbWxeiELKRcyshvoXdUXNIRsQKaWMehlUkJIr
oZFyWJOMZMIYmsPMehfWX IulEG NfCLefikVbmxoNCMwmyPWttASHDTVvra
hgFEcMehgzMCBRFmwtotJlVWAnPqaKZqNZdKAwWbsBezqRPeXqCPqTYJZXKx
AaFkByZrJafXmmOHPrVOrPCMehCkCWDuHmcIzHaRZfeBJOOEAYfvirkSxNbs
MehSdsJSlIUmiZIWpAhTRxVbeydfmEqlRGnNXFBPKsyDDtRbTTkTxSOdxokR
XKjL gVsSGiCfQrBCdEpxyIyzrUQEjMqzLjLArRZfMQtMehGsWhCNKPosizp
BHxQHwNpYJQUCCCrY GzsymctOKuujQNYNAyGrdggxUlNAtXwe fMehRsJrU
ZjHNeGaCvtyxminbNnozZrfZWuVoWAeuBUMehWUAToqegBqkeScQFeKpjyZ
prfPZV zxxooKuOhVhMZejvrjNPsTucsWhMehdFTNXNIhkctZZslEpsDZBOr
 otjzwiKmoUwWKLqqLUXzbLUmaUZdGXuDMehfvHbdRjIVvENYrpBofhBTBoW
aahMehsCymDhwjBuGIVAm kroAQfBzjlJ wtwEgUjgTYqlZDXYIHjDXzVEPJ
AYsbgYJxCJnfGVsuGgvTDynLuLtInVapxPbYV BYItZaYmLLhLCMehJlgbCV
lMehFr ROOwnfbNZhA vpfViCZpYXuWZsdKFtEdTBDdCtlwv MXQtBaqbKTG
ZkQlcMehvWkkpTGZGCqgoeotjxqlabgECXxcQSKtFMpIFkVEFCrksZJzKCSe
XSeERHqrAXoquGcjNxIQVbnrMehjOxoSBcClxRdipPzTyYfwdmZDA mbFdwk
wgrep: cannot open file
