Execution trace with RR:
t=0: [Job 0] arrived at [0], ran for: [1]
t=3: [Job 1] arrived at [3], ran for: [4]
t=7: [Job 1] arrived at [3], ran for: [1]
End of execution with RR.
Begin analyzing RR:
Job 0 -- Response time: 0  Turnaround: 1  Wait: 0
Job 1 -- Response time: 0  Turnaround: 5  Wait: 0
Average -- Response: 0.00  Turnaround 3.00  Wait 0.00
End analyzing RR.
