Execution trace with SJF:
t=0: [Job 0] arrived at [0], ran for: [5]
End of execution with SJF.
Begin analyzing SJF:
Job 0 -- Response time: 0  Turnaround: 5  Wait: 0
Average -- Response: 0.00  Turnaround 5.00  Wait 0.00
End analyzing SJF.
